000000  0         rec           START   ["0"]
000000  4b100125                JSUB    ["sinit"]
000004  01000a    recloop       LDA     ["#10"]
000007  dd0001                  WD      ["#1"]
00000a  b410                    CLEAR   ["X"]
00000c  b400                    CLEAR   ["A"]
00000e  b440                    CLEAR   ["S"]
000010  ac40      rdloop        RMO     ["S", "A"]
000012  21000a                  MUL     ["#10"]
000015  ac04                    RMO     ["A", "S"]
000017  b400                    CLEAR   ["A"]
000019  d900fa                  RD      ["#250"]
00001c  29000a                  COMP    ["#10"]
00001f  33200e                  JEQ     ["reccont"]
000022  290000                  COMP    ["#0"]
000025  33204f                  JEQ     ["halt"]
000028  1d0030                  SUB     ["#48"]
00002b  9004                    ADDR    ["A", "S"]
00002d  3f2fe0                  J       ["rdloop"]
000030  ac40      reccont       RMO     ["S", "A"]
000032  25000a                  DIV     ["#10"]
000035  4b20c2                  JSUB    ["fakrec"]
000038  ac04                    RMO     ["A", "S"]
00003a  b400                    CLEAR   ["A"]
00003c  b410                    CLEAR   ["X"]
00003e  572039                  STCH    ["output"]
000041  ac40      recout        RMO     ["S", "A"]
000043  290000                  COMP    ["#0"]
000046  332016                  JEQ     ["recpr"]
000049  4b2092                  JSUB    ["mod"]
00004c  2d0000                  TIX     ["#0"]
00004f  190030                  ADD     ["#48"]
000052  57a025                  STCH    ["output", "X"]
000055  ac40                    RMO     ["S", "A"]
000057  25000a                  DIV     ["#10"]
00005a  ac04                    RMO     ["A", "S"]
00005c  3f2fe2                  J       ["recout"]
00005f  b400      recpr         CLEAR   ["A"]
000061  53a016                  LDCH    ["output", "X"]
000064  290000                  COMP    ["#0"]
000067  332f9a                  JEQ     ["recloop"]
00006a  dd0001                  WD      ["#1"]
00006d  ac10                    RMO     ["X", "A"]
00006f  1d0001                  SUB     ["#1"]
000072  ac01                    RMO     ["A", "X"]
000074  3f2fe8                  J       ["recpr"]
000077  3f2ffd    halt          J       ["halt"]
00007a  0         output        RESB    ["100"]
0000de  0f2013    mod           STA     ["x"]
0000e1  25000a                  DIV     ["#10"]
0000e4  21000a                  MUL     ["#10"]
0000e7  ac03                    RMO     ["A", "B"]
0000e9  032008                  LDA     ["x"]
0000ec  9430                    SUBR    ["B", "A"]
0000ee  4f0000                  RSUB    []
0000f1  000001    quot          WORD    ["1"]
0000f4  0         x             RESW    ["1"]
0000f7  00000a    y             WORD    ["10"]
0000fa  16205e    fakrec        STL     ["@sp"]
0000fd  4b2034                  JSUB    ["spush"]
000100  7a2058                  STB     ["@sp"]
000103  4b202e                  JSUB    ["spush"]
000106  290002                  COMP    ["#2"]
000109  3b200a                  JLT     ["fakend"]
00010c  ac03                    RMO     ["A", "B"]
00010e  1d0001                  SUB     ["#1"]
000111  4b2fe6                  JSUB    ["fakrec"]
000114  9830                    MULR    ["B", "A"]
000116  4b202d    fakend        JSUB    ["spop"]
000119  6a203f                  LDB     ["@sp"]
00011c  4b2027                  JSUB    ["spop"]
00011f  0a2039                  LDL     ["@sp"]
000122  4f0000                  RSUB    []
000125  0f2030    sinit         STA     ["saved_a"]
000128  012033                  LDA     ["#stack"]
00012b  0f202d                  STA     ["sp"]
00012e  032027                  LDA     ["saved_a"]
000131  4f0000                  RSUB    []
000134  0f2021    spush         STA     ["saved_a"]
000137  032021                  LDA     ["sp"]
00013a  190003                  ADD     ["#3"]
00013d  0f201b                  STA     ["sp"]
000140  032015                  LDA     ["saved_a"]
000143  4f0000                  RSUB    []
000146  0f200f    spop          STA     ["saved_a"]
000149  03200f                  LDA     ["sp"]
00014c  1d0003                  SUB     ["#3"]
00014f  0f2009                  STA     ["sp"]
000152  032003                  LDA     ["saved_a"]
000155  4f0000                  RSUB    []
000158  000000    saved_a       WORD    ["0"]
00015b  000000    sp            WORD    ["0"]
00015e  0         stack         RESW    ["1000"]
000d16  0                       END     ["rec"]
